Archive member included to satisfy reference by file (symbol)

c:/program files (x86)/gnu arm embedded toolchain/10 2021.10/bin/../lib/gcc/arm-none-eabi/10.3.1/thumb/v7e-m/nofp\libgcc.a(_aeabi_uldivmod.o)
                              ./system/src/stm32f4-hal/stm32f4xx_hal_rcc.o (__aeabi_uldivmod)
c:/program files (x86)/gnu arm embedded toolchain/10 2021.10/bin/../lib/gcc/arm-none-eabi/10.3.1/thumb/v7e-m/nofp\libgcc.a(_udivmoddi4.o)
                              c:/program files (x86)/gnu arm embedded toolchain/10 2021.10/bin/../lib/gcc/arm-none-eabi/10.3.1/thumb/v7e-m/nofp\libgcc.a(_aeabi_uldivmod.o) (__udivmoddi4)
c:/program files (x86)/gnu arm embedded toolchain/10 2021.10/bin/../lib/gcc/arm-none-eabi/10.3.1/thumb/v7e-m/nofp\libgcc.a(_dvmd_tls.o)
                              c:/program files (x86)/gnu arm embedded toolchain/10 2021.10/bin/../lib/gcc/arm-none-eabi/10.3.1/thumb/v7e-m/nofp\libgcc.a(_aeabi_uldivmod.o) (__aeabi_ldiv0)
c:/program files (x86)/gnu arm embedded toolchain/10 2021.10/bin/../lib/gcc/arm-none-eabi/10.3.1/../../../../arm-none-eabi/lib/thumb/v7e-m/nofp\libg_nano.a(lib_a-errno.o)
                              ./system/src/newlib/sbrk.o (__errno)
c:/program files (x86)/gnu arm embedded toolchain/10 2021.10/bin/../lib/gcc/arm-none-eabi/10.3.1/../../../../arm-none-eabi/lib/thumb/v7e-m/nofp\libg_nano.a(lib_a-impure.o)
                              c:/program files (x86)/gnu arm embedded toolchain/10 2021.10/bin/../lib/gcc/arm-none-eabi/10.3.1/../../../../arm-none-eabi/lib/thumb/v7e-m/nofp\libg_nano.a(lib_a-errno.o) (_impure_ptr)
c:/program files (x86)/gnu arm embedded toolchain/10 2021.10/bin/../lib/gcc/arm-none-eabi/10.3.1/../../../../arm-none-eabi/lib/thumb/v7e-m/nofp\libg_nano.a(lib_a-strlen.o)
                              ./system/src/diag/trace.o (strlen)
c:/program files (x86)/gnu arm embedded toolchain/10 2021.10/bin/../lib/gcc/arm-none-eabi/10.3.1/../../../../arm-none-eabi/lib/thumb/v7e-m/nofp\libg_nano.a(lib_a-vsnprintf.o)
                              ./system/src/diag/trace.o (vsnprintf)
c:/program files (x86)/gnu arm embedded toolchain/10 2021.10/bin/../lib/gcc/arm-none-eabi/10.3.1/../../../../arm-none-eabi/lib/thumb/v7e-m/nofp\libg_nano.a(lib_a-nano-svfprintf.o)
                              c:/program files (x86)/gnu arm embedded toolchain/10 2021.10/bin/../lib/gcc/arm-none-eabi/10.3.1/../../../../arm-none-eabi/lib/thumb/v7e-m/nofp\libg_nano.a(lib_a-vsnprintf.o) (_svfprintf_r)
c:/program files (x86)/gnu arm embedded toolchain/10 2021.10/bin/../lib/gcc/arm-none-eabi/10.3.1/../../../../arm-none-eabi/lib/thumb/v7e-m/nofp\libg_nano.a(lib_a-nano-vfprintf_i.o)
                              c:/program files (x86)/gnu arm embedded toolchain/10 2021.10/bin/../lib/gcc/arm-none-eabi/10.3.1/../../../../arm-none-eabi/lib/thumb/v7e-m/nofp\libg_nano.a(lib_a-nano-svfprintf.o) (_printf_i)
c:/program files (x86)/gnu arm embedded toolchain/10 2021.10/bin/../lib/gcc/arm-none-eabi/10.3.1/../../../../arm-none-eabi/lib/thumb/v7e-m/nofp\libg_nano.a(lib_a-memchr.o)
                              c:/program files (x86)/gnu arm embedded toolchain/10 2021.10/bin/../lib/gcc/arm-none-eabi/10.3.1/../../../../arm-none-eabi/lib/thumb/v7e-m/nofp\libg_nano.a(lib_a-nano-svfprintf.o) (memchr)
c:/program files (x86)/gnu arm embedded toolchain/10 2021.10/bin/../lib/gcc/arm-none-eabi/10.3.1/../../../../arm-none-eabi/lib/thumb/v7e-m/nofp\libg_nano.a(lib_a-memcpy-stub.o)
                              c:/program files (x86)/gnu arm embedded toolchain/10 2021.10/bin/../lib/gcc/arm-none-eabi/10.3.1/../../../../arm-none-eabi/lib/thumb/v7e-m/nofp\libg_nano.a(lib_a-nano-svfprintf.o) (memcpy)
c:/program files (x86)/gnu arm embedded toolchain/10 2021.10/bin/../lib/gcc/arm-none-eabi/10.3.1/../../../../arm-none-eabi/lib/thumb/v7e-m/nofp\libg_nano.a(lib_a-memmove.o)
                              c:/program files (x86)/gnu arm embedded toolchain/10 2021.10/bin/../lib/gcc/arm-none-eabi/10.3.1/../../../../arm-none-eabi/lib/thumb/v7e-m/nofp\libg_nano.a(lib_a-nano-svfprintf.o) (memmove)
c:/program files (x86)/gnu arm embedded toolchain/10 2021.10/bin/../lib/gcc/arm-none-eabi/10.3.1/../../../../arm-none-eabi/lib/thumb/v7e-m/nofp\libg_nano.a(lib_a-nano-freer.o)
                              c:/program files (x86)/gnu arm embedded toolchain/10 2021.10/bin/../lib/gcc/arm-none-eabi/10.3.1/../../../../arm-none-eabi/lib/thumb/v7e-m/nofp\libg_nano.a(lib_a-nano-svfprintf.o) (_free_r)
c:/program files (x86)/gnu arm embedded toolchain/10 2021.10/bin/../lib/gcc/arm-none-eabi/10.3.1/../../../../arm-none-eabi/lib/thumb/v7e-m/nofp\libg_nano.a(lib_a-nano-mallocr.o)
                              c:/program files (x86)/gnu arm embedded toolchain/10 2021.10/bin/../lib/gcc/arm-none-eabi/10.3.1/../../../../arm-none-eabi/lib/thumb/v7e-m/nofp\libg_nano.a(lib_a-nano-svfprintf.o) (_malloc_r)
[...]
Memory Configuration

Name             Origin             Length             Attributes
RAM              0x20000000         0x00020000         xrw
CCMRAM           0x10000000         0x00010000         xrw
FLASH            0x08000000         0x00100000         xr
FLASHB1          0x00000000         0x00000000         xr
EXTMEMB0         0x00000000         0x00000000         xr
EXTMEMB1         0x00000000         0x00000000         xr
EXTMEMB2         0x00000000         0x00000000         xr
EXTMEMB3         0x00000000         0x00000000         xr
MEMORY_ARRAY     0x20002000         0x00000020         xrw
*default*        0x00000000         0xffffffff

Linker script and memory map

LOAD ./system/src/stm32f4-hal/stm32f4xx_hal.o
LOAD ./system/src/stm32f4-hal/stm32f4xx_hal_cortex.o
LOAD ./system/src/stm32f4-hal/stm32f4xx_hal_flash.o
LOAD ./system/src/stm32f4-hal/stm32f4xx_hal_flash_ex.o
LOAD ./system/src/stm32f4-hal/stm32f4xx_hal_flash_ramfunc.o
LOAD ./system/src/stm32f4-hal/stm32f4xx_hal_gpio.o
LOAD ./system/src/stm32f4-hal/stm32f4xx_hal_iwdg.o
LOAD ./system/src/stm32f4-hal/stm32f4xx_hal_pwr.o
LOAD ./system/src/stm32f4-hal/stm32f4xx_hal_rcc.o
LOAD ./system/src/newlib/assert.o
LOAD ./system/src/newlib/cxx.o
LOAD ./system/src/newlib/exit.o
LOAD ./system/src/newlib/sbrk.o
LOAD ./system/src/newlib/startup.o
LOAD ./system/src/newlib/syscalls.o
LOAD ./system/src/diag/trace-impl.o
LOAD ./system/src/diag/trace.o
LOAD ./system/src/cortexm/exception-handlers.o
LOAD ./system/src/cortexm/initialize-hardware.o
LOAD ./system/src/cortexm/reset-hardware.o
LOAD ./system/src/cmsis/system_stm32f4xx.o
LOAD ./system/src/cmsis/vectors_stm32f407xx.o
LOAD ./src/initialize-hardware.o
LOAD ./src/led.o
LOAD ./src/main.o
LOAD ./src/stm32f4xx_hal_msp.o
LOAD ./src/timer.o
LOAD ./src/write.o
LOAD c:/program files (x86)/gnu arm embedded toolchain/10 2021.10/bin/../lib/gcc/arm-none-eabi/10.3.1/../../../../arm-none-eabi/lib/thumb/v7e-m/nofp\libstdc++_nano.a
LOAD c:/program files (x86)/gnu arm embedded toolchain/10 2021.10/bin/../lib/gcc/arm-none-eabi/10.3.1/../../../../arm-none-eabi/lib/thumb/v7e-m/nofp\libm.a
START GROUP
LOAD c:/program files (x86)/gnu arm embedded toolchain/10 2021.10/bin/../lib/gcc/arm-none-eabi/10.3.1/thumb/v7e-m/nofp\libgcc.a
LOAD c:/program files (x86)/gnu arm embedded toolchain/10 2021.10/bin/../lib/gcc/arm-none-eabi/10.3.1/../../../../arm-none-eabi/lib/thumb/v7e-m/nofp\libg_nano.a
LOAD c:/program files (x86)/gnu arm embedded toolchain/10 2021.10/bin/../lib/gcc/arm-none-eabi/10.3.1/../../../../arm-none-eabi/lib/thumb/v7e-m/nofp\libc_nano.a
END GROUP
START GROUP
LOAD c:/program files (x86)/gnu arm embedded toolchain/10 2021.10/bin/../lib/gcc/arm-none-eabi/10.3.1/thumb/v7e-m/nofp\libgcc.a
LOAD c:/program files (x86)/gnu arm embedded toolchain/10 2021.10/bin/../lib/gcc/arm-none-eabi/10.3.1/../../../../arm-none-eabi/lib/thumb/v7e-m/nofp\libc_nano.a
END GROUP
                0x20020000                __stack = (ORIGIN (RAM) + LENGTH (RAM))
                0x20020000                _estack = __stack
                0x00000400                __Main_Stack_Size = 0x400
                [!provide]                PROVIDE (_Main_Stack_Size = __Main_Stack_Size)
                0x2001fc00                __Main_Stack_Limit = (__stack - __Main_Stack_Size)
                [!provide]                PROVIDE (_Main_Stack_Limit = __Main_Stack_Limit)
                0x00000100                _Minimum_Stack_Size = 0x100
                0x20000128                PROVIDE (_Heap_Begin = _end_noinit)
                0x2001fc00                PROVIDE (_Heap_Limit = (__stack - __Main_Stack_Size))

.isr_vector     0x08000000      0x3e8
 FILL mask 0xff
                0x08000000                __vectors_start = ABSOLUTE (.)
                0x08000000                __vectors_start__ = ABSOLUTE (.)
 *(.isr_vector)
 .isr_vector    0x08000000      0x188 ./system/src/cmsis/vectors_stm32f407xx.o
                0x08000000                __isr_vectors
 *(.cfmconfig)
 *(.after_vectors .after_vectors.*)
 .after_vectors
                0x08000188      0x130 ./system/src/newlib/startup.o
                0x08000188                _start
 .after_vectors
                0x080002b8      0x12c ./system/src/cortexm/exception-handlers.o
                0x080002b8                Reset_Handler
                0x080002be                NMI_Handler
                0x080002c2                HardFault_Handler
                0x080002d6                HardFault_Handler_C
                0x08000334                MemManage_Handler
                0x08000338                BusFault_Handler
                0x0800034c                BusFault_Handler_C
                0x08000380                UsageFault_Handler
                0x08000394                UsageFault_Handler_C
                0x080003c8                SVC_Handler
                0x080003cc                DebugMon_Handler
                0x080003d0                PendSV_Handler
 .after_vectors
                0x080003e4        0x4 ./system/src/cmsis/vectors_stm32f407xx.o
                0x080003e4                RTC_Alarm_IRQHandler
                0x080003e4                HASH_RNG_IRQHandler
                0x080003e4                EXTI2_IRQHandler
                0x080003e4                TIM8_CC_IRQHandler
                0x080003e4                TIM1_CC_IRQHandler
                0x080003e4                DMA2_Stream5_IRQHandler
                0x080003e4                DMA1_Stream5_IRQHandler
                0x080003e4                PVD_IRQHandler
                0x080003e4                SDIO_IRQHandler
                0x080003e4                TAMP_STAMP_IRQHandler
                0x080003e4                CAN2_RX1_IRQHandler
                0x080003e4                EXTI3_IRQHandler
                0x080003e4                TIM8_TRG_COM_TIM14_IRQHandler
                0x080003e4                TIM1_UP_TIM10_IRQHandler
                0x080003e4                TIM8_UP_TIM13_IRQHandler
                0x080003e4                I2C3_ER_IRQHandler
                0x080003e4                EXTI0_IRQHandler
                0x080003e4                I2C2_EV_IRQHandler
                0x080003e4                DMA1_Stream2_IRQHandler
                0x080003e4                CAN1_RX0_IRQHandler
                0x080003e4                FPU_IRQHandler
                0x080003e4                OTG_HS_WKUP_IRQHandler
                0x080003e4                CAN2_SCE_IRQHandler
                0x080003e4                DMA2_Stream2_IRQHandler
                0x080003e4                SPI1_IRQHandler
                0x080003e4                TIM6_DAC_IRQHandler
                0x080003e4                TIM1_BRK_TIM9_IRQHandler
                0x080003e4                DCMI_IRQHandler
                0x080003e4                CAN2_RX0_IRQHandler
                0x080003e4                DMA2_Stream3_IRQHandler
                0x080003e4                USART6_IRQHandler
                0x080003e4                USART3_IRQHandler
                0x080003e4                CAN1_RX1_IRQHandler
                0x080003e4                UART5_IRQHandler
                0x080003e4                DMA2_Stream0_IRQHandler
                0x080003e4                TIM4_IRQHandler
                0x080003e4                I2C1_EV_IRQHandler
                0x080003e4                DMA1_Stream6_IRQHandler
                0x080003e4                DMA1_Stream1_IRQHandler
                0x080003e4                UART4_IRQHandler
                0x080003e4                TIM3_IRQHandler
                0x080003e4                RCC_IRQHandler
                0x080003e4                TIM8_BRK_TIM12_IRQHandler
                0x080003e4                Default_Handler
                0x080003e4                EXTI15_10_IRQHandler
                0x080003e4                ADC_IRQHandler
                0x080003e4                DMA1_Stream7_IRQHandler
                0x080003e4                TIM7_IRQHandler
                0x080003e4                CAN2_TX_IRQHandler
                0x080003e4                TIM5_IRQHandler
                0x080003e4                DMA2_Stream7_IRQHandler
                0x080003e4                I2C3_EV_IRQHandler
                0x080003e4                EXTI9_5_IRQHandler
                0x080003e4                RTC_WKUP_IRQHandler
                0x080003e4                ETH_WKUP_IRQHandler
                0x080003e4                SPI2_IRQHandler
                0x080003e4                OTG_HS_EP1_IN_IRQHandler
                0x080003e4                DMA1_Stream0_IRQHandler
                0x080003e4                CAN1_TX_IRQHandler
                0x080003e4                EXTI4_IRQHandler
                0x080003e4                ETH_IRQHandler
                0x080003e4                OTG_HS_EP1_OUT_IRQHandler
                0x080003e4                WWDG_IRQHandler
                0x080003e4                TIM2_IRQHandler
                0x080003e4                OTG_FS_WKUP_IRQHandler
                0x080003e4                TIM1_TRG_COM_TIM11_IRQHandler
                0x080003e4                OTG_HS_IRQHandler
                0x080003e4                EXTI1_IRQHandler
                0x080003e4                USART2_IRQHandler
                0x080003e4                I2C2_ER_IRQHandler
                0x080003e4                DMA2_Stream1_IRQHandler
                0x080003e4                CAN1_SCE_IRQHandler
                0x080003e4                FLASH_IRQHandler
                0x080003e4                DMA2_Stream4_IRQHandler
                0x080003e4                USART1_IRQHandler
                0x080003e4                OTG_FS_IRQHandler
                0x080003e4                SPI3_IRQHandler
                0x080003e4                DMA1_Stream4_IRQHandler
                0x080003e4                I2C1_ER_IRQHandler
                0x080003e4                FMC_IRQHandler
                0x080003e4                DMA2_Stream6_IRQHandler
                0x080003e4                DMA1_Stream3_IRQHandler

.inits          0x080003e8       0x28
                0x080003e8                __data_regions_array_start = .
                0x080003e8        0x4 LONG 0x800266c LOADADDR (.data)
                0x080003ec        0x4 LONG 0x20000000 ADDR (.data)
                0x080003f0        0x4 LONG 0x20000080 (ADDR (.data) + SIZEOF (.data))
                0x080003f4        0x4 LONG 0x800266c LOADADDR (.data_CCMRAM)
                0x080003f8        0x4 LONG 0x10000000 ADDR (.data_CCMRAM)
                0x080003fc        0x4 LONG 0x10000000 (ADDR (.data_CCMRAM) + SIZEOF (.data_CCMRAM))
                0x08000400                __data_regions_array_end = .
                0x08000400                __bss_regions_array_start = .
                0x08000400        0x4 LONG 0x20000080 ADDR (.bss)
                0x08000404        0x4 LONG 0x20000128 (ADDR (.bss) + SIZEOF (.bss))
                0x08000408        0x4 LONG 0x10000000 ADDR (.bss_CCMRAM)
                0x0800040c        0x4 LONG 0x10000000 (ADDR (.bss_CCMRAM) + SIZEOF (.bss_CCMRAM))
                0x08000410                __bss_regions_array_end = .
 *(.init)
 *(.fini)
                0x08000410                . = ALIGN (0x4)
                0x08000410                PROVIDE (__preinit_array_start = .)
 *(.preinit_array_sysinit .preinit_array_sysinit.*)
 *(.preinit_array_platform .preinit_array_platform.*)
 *(.preinit_array .preinit_array.*)
                0x08000410                PROVIDE (__preinit_array_end = .)
                0x08000410                . = ALIGN (0x4)
                0x08000410                PROVIDE (__init_array_start = .)
 *(SORT_BY_NAME(.init_array.*))
 *(.init_array)
                0x08000410                PROVIDE (__init_array_end = .)
                0x08000410                . = ALIGN (0x4)
                0x08000410                PROVIDE (__fini_array_start = .)
 *(SORT_BY_NAME(.fini_array.*))
 *(.fini_array)
                0x08000410                PROVIDE (__fini_array_end = .)

.flashtext
 *(.flashtext .flashtext.*)

.text           0x08000410     0x2254
 *(.text .text.*)
 .text.HAL_InitTick
                0x08000410       0x4c ./system/src/stm32f4-hal/stm32f4xx_hal.o
                0x08000410                HAL_InitTick
 .text.HAL_Init
                0x0800045c       0x34 ./system/src/stm32f4-hal/stm32f4xx_hal.o
                0x0800045c                HAL_Init
 .text.HAL_IncTick
                0x08000490       0x18 ./system/src/stm32f4-hal/stm32f4xx_hal.o
                0x08000490                HAL_IncTick
 .text.HAL_GetTick
                0x080004a8        0xc ./system/src/stm32f4-hal/stm32f4xx_hal.o
                0x080004a8                HAL_GetTick
 .text.HAL_NVIC_SetPriorityGrouping
                0x080004b4       0x3c ./system/src/stm32f4-hal/stm32f4xx_hal_cortex.o
                0x080004b4                HAL_NVIC_SetPriorityGrouping
 .text.HAL_NVIC_SetPriority
                0x080004f0       0x8c ./system/src/stm32f4-hal/stm32f4xx_hal_cortex.o
                0x080004f0                HAL_NVIC_SetPriority
 .text.HAL_SYSTICK_Config
                0x0800057c       0x28 ./system/src/stm32f4-hal/stm32f4xx_hal_cortex.o
                0x0800057c                HAL_SYSTICK_Config
 .text.HAL_SYSTICK_CLKSourceConfig
                0x080005a4       0x3c ./system/src/stm32f4-hal/stm32f4xx_hal_cortex.o
                0x080005a4                HAL_SYSTICK_CLKSourceConfig
 .text.HAL_GPIO_Init
                0x080005e0      0x2f4 ./system/src/stm32f4-hal/stm32f4xx_hal_gpio.o
                0x080005e0                HAL_GPIO_Init
 .text.HAL_GPIO_ReadPin
                0x080008d4       0x28 ./system/src/stm32f4-hal/stm32f4xx_hal_gpio.o
                0x080008d4                HAL_GPIO_ReadPin
 .text.HAL_GPIO_WritePin
                0x080008fc       0x38 ./system/src/stm32f4-hal/stm32f4xx_hal_gpio.o
                0x080008fc                HAL_GPIO_WritePin
 .text.HAL_RCC_OscConfig
                0x08000934      0x4f0 ./system/src/stm32f4-hal/stm32f4xx_hal_rcc.o
                0x08000934                HAL_RCC_OscConfig
 .text.HAL_RCC_GetSysClockFreq
                0x08000e24       0xd4 ./system/src/stm32f4-hal/stm32f4xx_hal_rcc.o
                0x08000e24                HAL_RCC_GetSysClockFreq
 .text.HAL_RCC_ClockConfig
                0x08000ef8      0x21c ./system/src/stm32f4-hal/stm32f4xx_hal_rcc.o
                0x08000ef8                HAL_RCC_ClockConfig
 .text.HAL_RCC_GetHCLKFreq
                0x08001114        0xc ./system/src/stm32f4-hal/stm32f4xx_hal_rcc.o
                0x08001114                HAL_RCC_GetHCLKFreq
 .text._exit    0x08001120        0x2 ./system/src/newlib/exit.o
                0x08001120                _exit
 *fill*         0x08001122        0x2 
 .text._sbrk    0x08001124       0x44 ./system/src/newlib/sbrk.o
                0x08001124                _sbrk
 .text.__initialize_args
                0x08001168       0x10 ./system/src/newlib/syscalls.o
                0x08001168                __initialize_args
 .text._trace_write_semihosting_debug
                0x08001178       0x62 ./system/src/diag/trace-impl.o
 .text.trace_write
                0x080011da        0x8 ./system/src/diag/trace-impl.o
                0x080011da                trace_write
 *fill*         0x080011e2        0x2 
 .text.trace_printf
                0x080011e4       0x34 ./system/src/diag/trace.o
                0x080011e4                trace_printf
 .text.dumpExceptionStack
                0x08001218       0xf4 ./system/src/cortexm/exception-handlers.o
                0x08001218                dumpExceptionStack
 .text.isSemihosting
                0x0800130c       0x20 ./system/src/cortexm/exception-handlers.o
                0x0800130c                isSemihosting
 .text.__initialize_hardware_early
                0x0800132c       0x18 ./system/src/cortexm/initialize-hardware.o
                0x0800132c                __initialize_hardware_early
 .text.SystemInit
                0x08001344       0x10 ./system/src/cmsis/system_stm32f4xx.o
                0x08001344                SystemInit
 .text.SystemCoreClockUpdate
                0x08001354       0xa0 ./system/src/cmsis/system_stm32f4xx.o
                0x08001354                SystemCoreClockUpdate
 .text.SystemClock_Config
                0x080013f4       0xa0 ./src/initialize-hardware.o
                0x080013f4                SystemClock_Config
 .text.__initialize_hardware
                0x08001494       0x10 ./src/initialize-hardware.o
                0x08001494                __initialize_hardware
 .text.assert_failed
                0x080014a4       0x14 ./src/initialize-hardware.o
                0x080014a4                assert_failed
 .text.Init_OnBoard_LEDs
                0x080014b8       0x40 ./src/main.o
                0x080014b8                Init_OnBoard_LEDs
 .text.configure_Button
                0x080014f8       0x3c ./src/main.o
                0x080014f8                configure_Button
 .text.Delay_ms
                0x08001534       0x1c ./src/main.o
                0x08001534                Delay_ms
 .text.main     0x08001550      0x1dc ./src/main.o
                0x08001550                main
 .text.HAL_MspInit
                0x0800172c        0x2 ./src/stm32f4xx_hal_msp.o
                0x0800172c                HAL_MspInit
 *fill*         0x0800172e        0x2 
 .text.timer_tick
                0x08001730       0x14 ./src/timer.o
                0x08001730                timer_tick
 .text.SysTick_Handler
                0x08001744        0xc ./src/timer.o
                0x08001744                SysTick_Handler
 .text          0x08001750       0x30 c:/program files (x86)/gnu arm embedded toolchain/10 2021.10/bin/../lib/gcc/arm-none-eabi/10.3.1/thumb/v7e-m/nofp\libgcc.a(_aeabi_uldivmod.o)
                0x08001750                __aeabi_uldivmod
 .text          0x08001780      0x2d0 c:/program files (x86)/gnu arm embedded toolchain/10 2021.10/bin/../lib/gcc/arm-none-eabi/10.3.1/thumb/v7e-m/nofp\libgcc.a(_udivmoddi4.o)
                0x08001780                __udivmoddi4
 .text          0x08001a50        0x4 c:/program files (x86)/gnu arm embedded toolchain/10 2021.10/bin/../lib/gcc/arm-none-eabi/10.3.1/thumb/v7e-m/nofp\libgcc.a(_dvmd_tls.o)
                0x08001a50                __aeabi_idiv0
                0x08001a50                __aeabi_ldiv0
 .text.__errno  0x08001a54        0xc c:/program files (x86)/gnu arm embedded toolchain/10 2021.10/bin/../lib/gcc/arm-none-eabi/10.3.1/../../../../arm-none-eabi/lib/thumb/v7e-m/nofp\libg_nano.a(lib_a-errno.o)
                0x08001a54                __errno
 .text._vsnprintf_r
                0x08001a60       0x56 c:/program files (x86)/gnu arm embedded toolchain/10 2021.10/bin/../lib/gcc/arm-none-eabi/10.3.1/../../../../arm-none-eabi/lib/thumb/v7e-m/nofp\libg_nano.a(lib_a-vsnprintf.o)
                0x08001a60                _vsniprintf_r
                0x08001a60                _vsnprintf_r
 *fill*         0x08001ab6        0x2 
 .text.vsnprintf
                0x08001ab8       0x1c c:/program files (x86)/gnu arm embedded toolchain/10 2021.10/bin/../lib/gcc/arm-none-eabi/10.3.1/../../../../arm-none-eabi/lib/thumb/v7e-m/nofp\libg_nano.a(lib_a-vsnprintf.o)
                0x08001ab8                vsniprintf
                0x08001ab8                vsnprintf
 .text.__ssputs_r
                0x08001ad4       0xb6 c:/program files (x86)/gnu arm embedded toolchain/10 2021.10/bin/../lib/gcc/arm-none-eabi/10.3.1/../../../../arm-none-eabi/lib/thumb/v7e-m/nofp\libg_nano.a(lib_a-nano-svfprintf.o)
                0x08001ad4                __ssputs_r
 *fill*         0x08001b8a        0x2 
 .text._svfprintf_r
                0x08001b8c      0x200 c:/program files (x86)/gnu arm embedded toolchain/10 2021.10/bin/../lib/gcc/arm-none-eabi/10.3.1/../../../../arm-none-eabi/lib/thumb/v7e-m/nofp\libg_nano.a(lib_a-nano-svfprintf.o)
                0x08001b8c                _svfiprintf_r
                0x08001b8c                _svfprintf_r
 .text._printf_common
                0x08001d8c       0xda c:/program files (x86)/gnu arm embedded toolchain/10 2021.10/bin/../lib/gcc/arm-none-eabi/10.3.1/../../../../arm-none-eabi/lib/thumb/v7e-m/nofp\libg_nano.a(lib_a-nano-vfprintf_i.o)
                0x08001d8c                _printf_common
 *fill*         0x08001e66        0x2 
 .text._printf_i
                0x08001e68      0x24c c:/program files (x86)/gnu arm embedded toolchain/10 2021.10/bin/../lib/gcc/arm-none-eabi/10.3.1/../../../../arm-none-eabi/lib/thumb/v7e-m/nofp\libg_nano.a(lib_a-nano-vfprintf_i.o)
                0x08001e68                _printf_i
 *fill*         0x080020b4        0xc 
 .text          0x080020c0       0xa0 c:/program files (x86)/gnu arm embedded toolchain/10 2021.10/bin/../lib/gcc/arm-none-eabi/10.3.1/../../../../arm-none-eabi/lib/thumb/v7e-m/nofp\libg_nano.a(lib_a-memchr.o)
                0x080020c0                memchr
 .text.memcpy   0x08002160       0x1c c:/program files (x86)/gnu arm embedded toolchain/10 2021.10/bin/../lib/gcc/arm-none-eabi/10.3.1/../../../../arm-none-eabi/lib/thumb/v7e-m/nofp\libg_nano.a(lib_a-memcpy-stub.o)
                0x08002160                memcpy
 .text.memmove  0x0800217c       0x34 c:/program files (x86)/gnu arm embedded toolchain/10 2021.10/bin/../lib/gcc/arm-none-eabi/10.3.1/../../../../arm-none-eabi/lib/thumb/v7e-m/nofp\libg_nano.a(lib_a-memmove.o)
                0x0800217c                memmove
 .text._free_r  0x080021b0       0x94 c:/program files (x86)/gnu arm embedded toolchain/10 2021.10/bin/../lib/gcc/arm-none-eabi/10.3.1/../../../../arm-none-eabi/lib/thumb/v7e-m/nofp\libg_nano.a(lib_a-nano-freer.o)
                0x080021b0                _free_r
 .text.sbrk_aligned
                0x08002244       0x40 c:/program files (x86)/gnu arm embedded toolchain/10 2021.10/bin/../lib/gcc/arm-none-eabi/10.3.1/../../../../arm-none-eabi/lib/thumb/v7e-m/nofp\libg_nano.a(lib_a-nano-mallocr.o)
 .text._malloc_r
                0x08002284       0xe8 c:/program files (x86)/gnu arm embedded toolchain/10 2021.10/bin/../lib/gcc/arm-none-eabi/10.3.1/../../../../arm-none-eabi/lib/thumb/v7e-m/nofp\libg_nano.a(lib_a-nano-mallocr.o)
                0x08002284                _malloc_r
 .text._realloc_r
                0x0800236c       0x5e c:/program files (x86)/gnu arm embedded toolchain/10 2021.10/bin/../lib/gcc/arm-none-eabi/10.3.1/../../../../arm-none-eabi/lib/thumb/v7e-m/nofp\libg_nano.a(lib_a-nano-reallocr.o)
                0x0800236c                _realloc_r
 *fill*         0x080023ca        0x2 
 .text._sbrk_r  0x080023cc       0x20 c:/program files (x86)/gnu arm embedded toolchain/10 2021.10/bin/../lib/gcc/arm-none-eabi/10.3.1/../../../../arm-none-eabi/lib/thumb/v7e-m/nofp\libg_nano.a(lib_a-sbrkr.o)
                0x080023cc                _sbrk_r
 .text.__malloc_lock
                0x080023ec        0xc c:/program files (x86)/gnu arm embedded toolchain/10 2021.10/bin/../lib/gcc/arm-none-eabi/10.3.1/../../../../arm-none-eabi/lib/thumb/v7e-m/nofp\libg_nano.a(lib_a-mlock.o)
                0x080023ec                __malloc_lock
 .text.__malloc_unlock
                0x080023f8        0xc c:/program files (x86)/gnu arm embedded toolchain/10 2021.10/bin/../lib/gcc/arm-none-eabi/10.3.1/../../../../arm-none-eabi/lib/thumb/v7e-m/nofp\libg_nano.a(lib_a-mlock.o)
                0x080023f8                __malloc_unlock
 .text._malloc_usable_size_r
                0x08002404       0x10 c:/program files (x86)/gnu arm embedded toolchain/10 2021.10/bin/../lib/gcc/arm-none-eabi/10.3.1/../../../../arm-none-eabi/lib/thumb/v7e-m/nofp\libg_nano.a(lib_a-nano-msizer.o)
                0x08002404                _malloc_usable_size_r
 .text.__retarget_lock_acquire_recursive
                0x08002414        0x2 c:/program files (x86)/gnu arm embedded toolchain/10 2021.10/bin/../lib/gcc/arm-none-eabi/10.3.1/../../../../arm-none-eabi/lib/thumb/v7e-m/nofp\libg_nano.a(lib_a-lock.o)
                0x08002414                __retarget_lock_acquire_recursive
 .text.__retarget_lock_release_recursive
                0x08002416        0x2 c:/program files (x86)/gnu arm embedded toolchain/10 2021.10/bin/../lib/gcc/arm-none-eabi/10.3.1/../../../../arm-none-eabi/lib/thumb/v7e-m/nofp\libg_nano.a(lib_a-lock.o)
                0x08002416                __retarget_lock_release_recursive
 *(.rodata .rodata.* .constdata .constdata.*)
 .rodata.HAL_NVIC_SetPriorityGrouping.str1.4
                0x08002418       0x31 ./system/src/stm32f4-hal/stm32f4xx_hal_cortex.o
 *fill*         0x08002449        0x3 
 .rodata.HAL_GPIO_Init.str1.4
                0x0800244c       0x2f ./system/src/stm32f4-hal/stm32f4xx_hal_gpio.o
 *fill*         0x0800247b        0x1 
 .rodata.HAL_RCC_OscConfig.str1.4
                0x0800247c       0x2e ./system/src/stm32f4-hal/stm32f4xx_hal_rcc.o
 *fill*         0x080024aa        0x2 
 .rodata.dumpExceptionStack.str1.4
                0x080024ac      0x11a ./system/src/cortexm/exception-handlers.o
 *fill*         0x080025c6        0x2 
 .rodata.str1.4
                0x080025c8       0x2a ./system/src/cortexm/exception-handlers.o
 *fill*         0x080025f2        0x2 
 .rodata.AHBPrescTable
                0x080025f4       0x10 ./system/src/cmsis/system_stm32f4xx.o
                0x080025f4                AHBPrescTable
 .rodata.assert_failed.str1.4
                0x08002604       0x2d ./src/initialize-hardware.o
 .rodata._svfprintf_r.str1.1
                0x08002631       0x11 c:/program files (x86)/gnu arm embedded toolchain/10 2021.10/bin/../lib/gcc/arm-none-eabi/10.3.1/../../../../arm-none-eabi/lib/thumb/v7e-m/nofp\libg_nano.a(lib_a-nano-svfprintf.o)
 .rodata._printf_i.str1.1
                0x08002642       0x22 c:/program files (x86)/gnu arm embedded toolchain/10 2021.10/bin/../lib/gcc/arm-none-eabi/10.3.1/../../../../arm-none-eabi/lib/thumb/v7e-m/nofp\libg_nano.a(lib_a-nano-vfprintf_i.o)
 *(vtable)
 *(.eh_frame*)
 *(.glue_7)
 .glue_7        0x08002664        0x0 linker stubs
 *(.glue_7t)
 .glue_7t       0x08002664        0x0 linker stubs

.vfp11_veneer   0x08002664        0x0
 .vfp11_veneer  0x08002664        0x0 linker stubs

.v4_bx          0x08002664        0x0
 .v4_bx         0x08002664        0x0 linker stubs

.iplt           0x08002664        0x0
 .iplt          0x08002664        0x0 ./system/src/stm32f4-hal/stm32f4xx_hal.o

.ARM.extab
 *(.ARM.extab* .gnu.linkonce.armextab.*)
                0x08002664                . = ALIGN (0x4)
                0x08002664                __exidx_start = .

.ARM.exidx      0x08002664        0x8
 *(.ARM.exidx* .gnu.linkonce.armexidx.*)
 .ARM.exidx     0x08002664        0x8 c:/program files (x86)/gnu arm embedded toolchain/10 2021.10/bin/../lib/gcc/arm-none-eabi/10.3.1/thumb/v7e-m/nofp\libgcc.a(_udivmoddi4.o)
                0x0800266c                __exidx_end = .

.rel.dyn        0x0800266c        0x0
 .rel.iplt      0x0800266c        0x0 ./system/src/stm32f4-hal/stm32f4xx_hal.o
                0x0800266c                . = ALIGN (0x4)
                0x0800266c                _etext = .
                0x0800266c                __etext = .

.data_CCMRAM    0x10000000        0x0 load address 0x0800266c
 FILL mask 0xff
 *(.data.CCMRAM .data.CCMRAM.*)
                0x10000000                . = ALIGN (0x4)
                0x0800266c                _sidata = LOADADDR (.data)

.data           0x20000000       0x80 load address 0x0800266c
 FILL mask 0xff
                0x20000000                _sdata = .
                0x20000000                __data_start__ = .
 *(.data_begin .data_begin.*)
 .data_begin    0x20000000        0x4 ./system/src/newlib/startup.o
 *(.data .data.*)
 .data.uwTickFreq
                0x20000004        0x1 ./system/src/stm32f4-hal/stm32f4xx_hal.o
                0x20000004                uwTickFreq
 *fill*         0x20000005        0x3 ff
 .data.uwTickPrio
                0x20000008        0x4 ./system/src/stm32f4-hal/stm32f4xx_hal.o
                0x20000008                uwTickPrio
 .data.argv.1   0x2000000c        0x8 ./system/src/newlib/syscalls.o
 .data.SystemCoreClock
                0x20000014        0x4 ./system/src/cmsis/system_stm32f4xx.o
                0x20000014                SystemCoreClock
 .data._impure_ptr
                0x20000018        0x4 c:/program files (x86)/gnu arm embedded toolchain/10 2021.10/bin/../lib/gcc/arm-none-eabi/10.3.1/../../../../arm-none-eabi/lib/thumb/v7e-m/nofp\libg_nano.a(lib_a-impure.o)
                0x20000018                _impure_ptr
 .data.impure_data
                0x2000001c       0x60 c:/program files (x86)/gnu arm embedded toolchain/10 2021.10/bin/../lib/gcc/arm-none-eabi/10.3.1/../../../../arm-none-eabi/lib/thumb/v7e-m/nofp\libg_nano.a(lib_a-impure.o)
 *(.data_end .data_end.*)
 .data_end      0x2000007c        0x4 ./system/src/newlib/startup.o
                0x20000080                . = ALIGN (0x4)
                0x20000080                _edata = .
                0x20000080                __data_end__ = .

.igot.plt       0x20000080        0x0 load address 0x080026ec
 .igot.plt      0x20000080        0x0 ./system/src/stm32f4-hal/stm32f4xx_hal.o

.bss_CCMRAM     0x10000000        0x0
 *(.bss.CCMRAM .bss.CCMRAM.*)

.bss            0x20000080       0xa8
                0x20000080                __bss_start__ = .
                0x20000080                _sbss = .
 *(.bss_begin .bss_begin.*)
 .bss_begin     0x20000080        0x4 ./system/src/newlib/startup.o
 *(.bss .bss.*)
 .bss.uwTick    0x20000084        0x4 ./system/src/stm32f4-hal/stm32f4xx_hal.o
                0x20000084                uwTick
 .bss.current_heap_end.0
                0x20000088        0x4 ./system/src/newlib/sbrk.o
 .bss.errno     0x2000008c        0x4 ./system/src/newlib/syscalls.o
                0x2000008c                errno
 .bss.name.0    0x20000090        0x1 ./system/src/newlib/syscalls.o
 *fill*         0x20000091        0x3 
 .bss.buf.0     0x20000094       0x80 ./system/src/diag/trace.o
 .bss.timer_delayCount
                0x20000114        0x4 ./src/timer.o
                0x20000114                timer_delayCount
 .bss.__malloc_free_list
                0x20000118        0x4 c:/program files (x86)/gnu arm embedded toolchain/10 2021.10/bin/../lib/gcc/arm-none-eabi/10.3.1/../../../../arm-none-eabi/lib/thumb/v7e-m/nofp\libg_nano.a(lib_a-nano-mallocr.o)
                0x20000118                __malloc_free_list
 .bss.__malloc_sbrk_start
                0x2000011c        0x4 c:/program files (x86)/gnu arm embedded toolchain/10 2021.10/bin/../lib/gcc/arm-none-eabi/10.3.1/../../../../arm-none-eabi/lib/thumb/v7e-m/nofp\libg_nano.a(lib_a-nano-mallocr.o)
                0x2000011c                __malloc_sbrk_start
 .bss.__lock___malloc_recursive_mutex
                0x20000120        0x1 c:/program files (x86)/gnu arm embedded toolchain/10 2021.10/bin/../lib/gcc/arm-none-eabi/10.3.1/../../../../arm-none-eabi/lib/thumb/v7e-m/nofp\libg_nano.a(lib_a-lock.o)
                0x20000120                __lock___malloc_recursive_mutex
 *(COMMON)
 *(.bss_end .bss_end.*)
 *fill*         0x20000121        0x3 
 .bss_end       0x20000124        0x4 ./system/src/newlib/startup.o
                0x20000128                . = ALIGN (0x4)
                0x20000128                __bss_end__ = .
                0x20000128                _ebss = .

.noinit_CCMRAM
 *(.noinit.CCMRAM .noinit.CCMRAM.*)

.noinit         0x20000128        0x0
                0x20000128                _noinit = .
 *(.noinit .noinit.*)
                0x20000128                . = ALIGN (0x4)
                0x20000128                _end_noinit = .
                [!provide]                PROVIDE (end = _end_noinit)
                [!provide]                PROVIDE (_end = _end_noinit)
                [!provide]                PROVIDE (__end = _end_noinit)
                [!provide]                PROVIDE (__end__ = _end_noinit)

._check_stack   0x20000128      0x100
                0x20000228                . = (. + _Minimum_Stack_Size)
 *fill*         0x20000128      0x100 

.b1text
 *(.b1text)
 *(.b1rodata)
 *(.b1rodata.*)

.eb0text
 *(.eb0text)
 *(.eb0rodata)
 *(.eb0rodata.*)

.eb1text
 *(.eb1text)
 *(.eb1rodata)
 *(.eb1rodata.*)

.eb2text
 *(.eb2text)
 *(.eb2rodata)
 *(.eb2rodata.*)

.eb3text
 *(.eb3text)
 *(.eb3rodata)
 *(.eb3rodata.*)

.stab
 *(.stab)

.stabstr
 *(.stabstr)

.stab.excl
 *(.stab.excl)

.stab.exclstr
 *(.stab.exclstr)

.stab.index
 *(.stab.index)

.stab.indexstr
 *(.stab.indexstr)

.comment        0x00000000       0x49
 *(.comment)
 .comment       0x00000000       0x49 ./system/src/stm32f4-hal/stm32f4xx_hal.o
                                 0x4a (size before relaxing)
 .comment       0x00000049       0x4a ./system/src/stm32f4-hal/stm32f4xx_hal_cortex.o
 .comment       0x00000049       0x4a ./system/src/stm32f4-hal/stm32f4xx_hal_gpio.o
 .comment       0x00000049       0x4a ./system/src/stm32f4-hal/stm32f4xx_hal_rcc.o
 .comment       0x00000049       0x4a ./system/src/newlib/exit.o
 .comment       0x00000049       0x4a ./system/src/newlib/sbrk.o
 .comment       0x00000049       0x4a ./system/src/newlib/startup.o
 .comment       0x00000049       0x4a ./system/src/newlib/syscalls.o
 .comment       0x00000049       0x4a ./system/src/diag/trace-impl.o
 .comment       0x00000049       0x4a ./system/src/diag/trace.o
 .comment       0x00000049       0x4a ./system/src/cortexm/exception-handlers.o
 .comment       0x00000049       0x4a ./system/src/cortexm/initialize-hardware.o
 .comment       0x00000049       0x4a ./system/src/cmsis/system_stm32f4xx.o
 .comment       0x00000049       0x4a ./system/src/cmsis/vectors_stm32f407xx.o
 .comment       0x00000049       0x4a ./src/initialize-hardware.o
 .comment       0x00000049       0x4a ./src/main.o
 .comment       0x00000049       0x4a ./src/stm32f4xx_hal_msp.o
 .comment       0x00000049       0x4a ./src/timer.o

.ARM.attributes
                0x00000000       0x2c
 .ARM.attributes
                0x00000000       0x2e ./system/src/stm32f4-hal/stm32f4xx_hal.o
 .ARM.attributes
                0x0000002e       0x2e ./system/src/stm32f4-hal/stm32f4xx_hal_cortex.o
 .ARM.attributes
                0x0000005c       0x2e ./system/src/stm32f4-hal/stm32f4xx_hal_gpio.o
 .ARM.attributes
                0x0000008a       0x2e ./system/src/stm32f4-hal/stm32f4xx_hal_rcc.o
 .ARM.attributes
                0x000000b8       0x2e ./system/src/newlib/exit.o
 .ARM.attributes
                0x000000e6       0x2e ./system/src/newlib/sbrk.o
 .ARM.attributes
                0x00000114       0x2e ./system/src/newlib/startup.o
 .ARM.attributes
                0x00000142       0x2e ./system/src/newlib/syscalls.o
 .ARM.attributes
                0x00000170       0x2e ./system/src/diag/trace-impl.o
 .ARM.attributes
                0x0000019e       0x2e ./system/src/diag/trace.o
 .ARM.attributes
                0x000001cc       0x2e ./system/src/cortexm/exception-handlers.o
 .ARM.attributes
                0x000001fa       0x2e ./system/src/cortexm/initialize-hardware.o
 .ARM.attributes
                0x00000228       0x2e ./system/src/cmsis/system_stm32f4xx.o
 .ARM.attributes
                0x00000256       0x2e ./system/src/cmsis/vectors_stm32f407xx.o
 .ARM.attributes
                0x00000284       0x2e ./src/initialize-hardware.o
 .ARM.attributes
                0x000002b2       0x2e ./src/main.o
 .ARM.attributes
                0x000002e0       0x2e ./src/stm32f4xx_hal_msp.o
 .ARM.attributes
                0x0000030e       0x2e ./src/timer.o
 .ARM.attributes
                0x0000033c       0x1e c:/program files (x86)/gnu arm embedded toolchain/10 2021.10/bin/../lib/gcc/arm-none-eabi/10.3.1/thumb/v7e-m/nofp\libgcc.a(_aeabi_uldivmod.o)
 .ARM.attributes
                0x0000035a       0x2e c:/program files (x86)/gnu arm embedded toolchain/10 2021.10/bin/../lib/gcc/arm-none-eabi/10.3.1/thumb/v7e-m/nofp\libgcc.a(_udivmoddi4.o)
 .ARM.attributes
                0x00000388       0x1e c:/program files (x86)/gnu arm embedded toolchain/10 2021.10/bin/../lib/gcc/arm-none-eabi/10.3.1/thumb/v7e-m/nofp\libgcc.a(_dvmd_tls.o)
 .ARM.attributes
                0x000003a6       0x2e c:/program files (x86)/gnu arm embedded toolchain/10 2021.10/bin/../lib/gcc/arm-none-eabi/10.3.1/../../../../arm-none-eabi/lib/thumb/v7e-m/nofp\libg_nano.a(lib_a-errno.o)
 .ARM.attributes
                0x000003d4       0x2e c:/program files (x86)/gnu arm embedded toolchain/10 2021.10/bin/../lib/gcc/arm-none-eabi/10.3.1/../../../../arm-none-eabi/lib/thumb/v7e-m/nofp\libg_nano.a(lib_a-impure.o)
 .ARM.attributes
                0x00000402       0x2e c:/program files (x86)/gnu arm embedded toolchain/10 2021.10/bin/../lib/gcc/arm-none-eabi/10.3.1/../../../../arm-none-eabi/lib/thumb/v7e-m/nofp\libg_nano.a(lib_a-vsnprintf.o)
 .ARM.attributes
                0x00000430       0x2e c:/program files (x86)/gnu arm embedded toolchain/10 2021.10/bin/../lib/gcc/arm-none-eabi/10.3.1/../../../../arm-none-eabi/lib/thumb/v7e-m/nofp\libg_nano.a(lib_a-nano-svfprintf.o)
 .ARM.attributes
                0x0000045e       0x2e c:/program files (x86)/gnu arm embedded toolchain/10 2021.10/bin/../lib/gcc/arm-none-eabi/10.3.1/../../../../arm-none-eabi/lib/thumb/v7e-m/nofp\libg_nano.a(lib_a-nano-vfprintf_i.o)
 .ARM.attributes
                0x0000048c       0x1c c:/program files (x86)/gnu arm embedded toolchain/10 2021.10/bin/../lib/gcc/arm-none-eabi/10.3.1/../../../../arm-none-eabi/lib/thumb/v7e-m/nofp\libg_nano.a(lib_a-memchr.o)
 .ARM.attributes
                0x000004a8       0x2e c:/program files (x86)/gnu arm embedded toolchain/10 2021.10/bin/../lib/gcc/arm-none-eabi/10.3.1/../../../../arm-none-eabi/lib/thumb/v7e-m/nofp\libg_nano.a(lib_a-memcpy-stub.o)
 .ARM.attributes
                0x000004d6       0x2e c:/program files (x86)/gnu arm embedded toolchain/10 2021.10/bin/../lib/gcc/arm-none-eabi/10.3.1/../../../../arm-none-eabi/lib/thumb/v7e-m/nofp\libg_nano.a(lib_a-memmove.o)
 .ARM.attributes
                0x00000504       0x2e c:/program files (x86)/gnu arm embedded toolchain/10 2021.10/bin/../lib/gcc/arm-none-eabi/10.3.1/../../../../arm-none-eabi/lib/thumb/v7e-m/nofp\libg_nano.a(lib_a-nano-freer.o)
 .ARM.attributes
                0x00000532       0x2e c:/program files (x86)/gnu arm embedded toolchain/10 2021.10/bin/../lib/gcc/arm-none-eabi/10.3.1/../../../../arm-none-eabi/lib/thumb/v7e-m/nofp\libg_nano.a(lib_a-nano-mallocr.o)
 .ARM.attributes
                0x00000560       0x2e c:/program files (x86)/gnu arm embedded toolchain/10 2021.10/bin/../lib/gcc/arm-none-eabi/10.3.1/../../../../arm-none-eabi/lib/thumb/v7e-m/nofp\libg_nano.a(lib_a-nano-reallocr.o)
 .ARM.attributes
                0x0000058e       0x2e c:/program files (x86)/gnu arm embedded toolchain/10 2021.10/bin/../lib/gcc/arm-none-eabi/10.3.1/../../../../arm-none-eabi/lib/thumb/v7e-m/nofp\libg_nano.a(lib_a-sbrkr.o)
 .ARM.attributes
                0x000005bc       0x2e c:/program files (x86)/gnu arm embedded toolchain/10 2021.10/bin/../lib/gcc/arm-none-eabi/10.3.1/../../../../arm-none-eabi/lib/thumb/v7e-m/nofp\libg_nano.a(lib_a-mlock.o)
 .ARM.attributes
                0x000005ea       0x2e c:/program files (x86)/gnu arm embedded toolchain/10 2021.10/bin/../lib/gcc/arm-none-eabi/10.3.1/../../../../arm-none-eabi/lib/thumb/v7e-m/nofp\libg_nano.a(lib_a-nano-msizer.o)
 .ARM.attributes
                0x00000618       0x2e c:/program files (x86)/gnu arm embedded toolchain/10 2021.10/bin/../lib/gcc/arm-none-eabi/10.3.1/../../../../arm-none-eabi/lib/thumb/v7e-m/nofp\libg_nano.a(lib_a-lock.o)

.debug
 *(.debug)

.line
 *(.line)

.debug_srcinfo
 *(.debug_srcinfo)

.debug_sfnames
 *(.debug_sfnames)

.debug_aranges  0x00000000      0x570
 *(.debug_aranges)
 .debug_aranges
                0x00000000       0xf0 ./system/src/stm32f4-hal/stm32f4xx_hal.o
 .debug_aranges
                0x000000f0       0xa8 ./system/src/stm32f4-hal/stm32f4xx_hal_cortex.o
 .debug_aranges
                0x00000198       0x58 ./system/src/stm32f4-hal/stm32f4xx_hal_gpio.o
 .debug_aranges
                0x000001f0       0x88 ./system/src/stm32f4-hal/stm32f4xx_hal_rcc.o
 .debug_aranges
                0x00000278       0x28 ./system/src/newlib/exit.o
 .debug_aranges
                0x000002a0       0x20 ./system/src/newlib/sbrk.o
 .debug_aranges
                0x000002c0       0x40 ./system/src/newlib/startup.o
 .debug_aranges
                0x00000300       0x30 ./system/src/newlib/syscalls.o
 .debug_aranges
                0x00000330       0x30 ./system/src/diag/trace-impl.o
 .debug_aranges
                0x00000360       0x38 ./system/src/diag/trace.o
 .debug_aranges
                0x00000398       0x90 ./system/src/cortexm/exception-handlers.o
 .debug_aranges
                0x00000428       0x28 ./system/src/cortexm/initialize-hardware.o
 .debug_aranges
                0x00000450       0x28 ./system/src/cmsis/system_stm32f4xx.o
 .debug_aranges
                0x00000478       0x20 ./system/src/cmsis/vectors_stm32f407xx.o
 .debug_aranges
                0x00000498       0x30 ./src/initialize-hardware.o
 .debug_aranges
                0x000004c8       0x38 ./src/main.o
 .debug_aranges
                0x00000500       0x38 ./src/stm32f4xx_hal_msp.o
 .debug_aranges
                0x00000538       0x38 ./src/timer.o

.debug_pubnames
 *(.debug_pubnames)

.debug_info     0x00000000     0x6c2a
 *(.debug_info .gnu.linkonce.wi.*)
 .debug_info    0x00000000      0xa1f ./system/src/stm32f4-hal/stm32f4xx_hal.o
 .debug_info    0x00000a1f     0x1310 ./system/src/stm32f4-hal/stm32f4xx_hal_cortex.o
 .debug_info    0x00001d2f      0x90c ./system/src/stm32f4-hal/stm32f4xx_hal_gpio.o
 .debug_info    0x0000263b      0xd72 ./system/src/stm32f4-hal/stm32f4xx_hal_rcc.o
 .debug_info    0x000033ad       0xf2 ./system/src/newlib/exit.o
 .debug_info    0x0000349f      0x112 ./system/src/newlib/sbrk.o
 .debug_info    0x000035b1      0x573 ./system/src/newlib/startup.o
 .debug_info    0x00003b24      0x1d5 ./system/src/newlib/syscalls.o
 .debug_info    0x00003cf9      0x320 ./system/src/diag/trace-impl.o
 .debug_info    0x00004019      0x30b ./system/src/diag/trace.o
 .debug_info    0x00004324      0x983 ./system/src/cortexm/exception-handlers.o
 .debug_info    0x00004ca7      0x2b3 ./system/src/cortexm/initialize-hardware.o
 .debug_info    0x00004f5a      0x524 ./system/src/cmsis/system_stm32f4xx.o
 .debug_info    0x0000547e       0xce ./system/src/cmsis/vectors_stm32f407xx.o
 .debug_info    0x0000554c      0x583 ./src/initialize-hardware.o
 .debug_info    0x00005acf      0x937 ./src/main.o
 .debug_info    0x00006406       0xbf ./src/stm32f4xx_hal_msp.o
 .debug_info    0x000064c5      0x765 ./src/timer.o

.debug_abbrev   0x00000000     0x1c97
 *(.debug_abbrev)
 .debug_abbrev  0x00000000      0x209 ./system/src/stm32f4-hal/stm32f4xx_hal.o
 .debug_abbrev  0x00000209      0x38a ./system/src/stm32f4-hal/stm32f4xx_hal_cortex.o
 .debug_abbrev  0x00000593      0x22e ./system/src/stm32f4-hal/stm32f4xx_hal_gpio.o
 .debug_abbrev  0x000007c1      0x2a0 ./system/src/stm32f4-hal/stm32f4xx_hal_rcc.o
 .debug_abbrev  0x00000a61       0x97 ./system/src/newlib/exit.o
 .debug_abbrev  0x00000af8       0xcd ./system/src/newlib/sbrk.o
 .debug_abbrev  0x00000bc5      0x1fa ./system/src/newlib/startup.o
 .debug_abbrev  0x00000dbf      0x10e ./system/src/newlib/syscalls.o
 .debug_abbrev  0x00000ecd      0x1eb ./system/src/diag/trace-impl.o
 .debug_abbrev  0x000010b8      0x173 ./system/src/diag/trace.o
 .debug_abbrev  0x0000122b      0x267 ./system/src/cortexm/exception-handlers.o
 .debug_abbrev  0x00001492       0xe9 ./system/src/cortexm/initialize-hardware.o
 .debug_abbrev  0x0000157b      0x11c ./system/src/cmsis/system_stm32f4xx.o
 .debug_abbrev  0x00001697       0xa5 ./system/src/cmsis/vectors_stm32f407xx.o
 .debug_abbrev  0x0000173c      0x170 ./src/initialize-hardware.o
 .debug_abbrev  0x000018ac      0x1b3 ./src/main.o
 .debug_abbrev  0x00001a5f       0x47 ./src/stm32f4xx_hal_msp.o
 .debug_abbrev  0x00001aa6      0x1f1 ./src/timer.o

.debug_line     0x00000000     0xa5b3
 *(.debug_line)
 .debug_line    0x00000000      0xbc0 ./system/src/stm32f4-hal/stm32f4xx_hal.o
 .debug_line    0x00000bc0      0xf08 ./system/src/stm32f4-hal/stm32f4xx_hal_cortex.o
 .debug_line    0x00001ac8      0xede ./system/src/stm32f4-hal/stm32f4xx_hal_gpio.o
 .debug_line    0x000029a6     0x12a3 ./system/src/stm32f4-hal/stm32f4xx_hal_rcc.o
 .debug_line    0x00003c49      0x385 ./system/src/newlib/exit.o
 .debug_line    0x00003fce      0x36f ./system/src/newlib/sbrk.o
 .debug_line    0x0000433d      0x65b ./system/src/newlib/startup.o
 .debug_line    0x00004998      0x486 ./system/src/newlib/syscalls.o
 .debug_line    0x00004e1e      0xbbb ./system/src/diag/trace-impl.o
 .debug_line    0x000059d9      0x462 ./system/src/diag/trace.o
 .debug_line    0x00005e3b      0xdef ./system/src/cortexm/exception-handlers.o
 .debug_line    0x00006c2a      0x888 ./system/src/cortexm/initialize-hardware.o
 .debug_line    0x000074b2      0x91a ./system/src/cmsis/system_stm32f4xx.o
 .debug_line    0x00007dcc      0x120 ./system/src/cmsis/vectors_stm32f407xx.o
 .debug_line    0x00007eec      0xb7e ./src/initialize-hardware.o
 .debug_line    0x00008a6a      0x981 ./src/main.o
 .debug_line    0x000093eb      0x878 ./src/stm32f4xx_hal_msp.o
 .debug_line    0x00009c63      0x950 ./src/timer.o

.debug_frame    0x00000000      0xf7c
 *(.debug_frame)
 .debug_frame   0x00000000      0x1f0 ./system/src/stm32f4-hal/stm32f4xx_hal.o
 .debug_frame   0x000001f0      0x19c ./system/src/stm32f4-hal/stm32f4xx_hal_cortex.o
 .debug_frame   0x0000038c       0xfc ./system/src/stm32f4-hal/stm32f4xx_hal_gpio.o
 .debug_frame   0x00000488      0x16c ./system/src/stm32f4-hal/stm32f4xx_hal_rcc.o
 .debug_frame   0x000005f4       0x38 ./system/src/newlib/exit.o
 .debug_frame   0x0000062c       0x28 ./system/src/newlib/sbrk.o
 .debug_frame   0x00000654       0x7c ./system/src/newlib/startup.o
 .debug_frame   0x000006d0       0x50 ./system/src/newlib/syscalls.o
 .debug_frame   0x00000720       0x64 ./system/src/diag/trace-impl.o
 .debug_frame   0x00000784       0x94 ./system/src/diag/trace.o
 .debug_frame   0x00000818      0x158 ./system/src/cortexm/exception-handlers.o
 .debug_frame   0x00000970       0x40 ./system/src/cortexm/initialize-hardware.o
 .debug_frame   0x000009b0       0x30 ./system/src/cmsis/system_stm32f4xx.o
 .debug_frame   0x000009e0       0x20 ./system/src/cmsis/vectors_stm32f407xx.o
 .debug_frame   0x00000a00       0x60 ./src/initialize-hardware.o
 .debug_frame   0x00000a60       0x7c ./src/main.o
 .debug_frame   0x00000adc       0x50 ./src/stm32f4xx_hal_msp.o
 .debug_frame   0x00000b2c       0x58 ./src/timer.o
 .debug_frame   0x00000b84       0x2c c:/program files (x86)/gnu arm embedded toolchain/10 2021.10/bin/../lib/gcc/arm-none-eabi/10.3.1/thumb/v7e-m/nofp\libgcc.a(_aeabi_uldivmod.o)
 .debug_frame   0x00000bb0       0x34 c:/program files (x86)/gnu arm embedded toolchain/10 2021.10/bin/../lib/gcc/arm-none-eabi/10.3.1/thumb/v7e-m/nofp\libgcc.a(_udivmoddi4.o)
 .debug_frame   0x00000be4       0x20 c:/program files (x86)/gnu arm embedded toolchain/10 2021.10/bin/../lib/gcc/arm-none-eabi/10.3.1/../../../../arm-none-eabi/lib/thumb/v7e-m/nofp\libg_nano.a(lib_a-errno.o)
 .debug_frame   0x00000c04       0x4c c:/program files (x86)/gnu arm embedded toolchain/10 2021.10/bin/../lib/gcc/arm-none-eabi/10.3.1/../../../../arm-none-eabi/lib/thumb/v7e-m/nofp\libg_nano.a(lib_a-vsnprintf.o)
 .debug_frame   0x00000c50       0x90 c:/program files (x86)/gnu arm embedded toolchain/10 2021.10/bin/../lib/gcc/arm-none-eabi/10.3.1/../../../../arm-none-eabi/lib/thumb/v7e-m/nofp\libg_nano.a(lib_a-nano-svfprintf.o)
 .debug_frame   0x00000ce0       0x60 c:/program files (x86)/gnu arm embedded toolchain/10 2021.10/bin/../lib/gcc/arm-none-eabi/10.3.1/../../../../arm-none-eabi/lib/thumb/v7e-m/nofp\libg_nano.a(lib_a-nano-vfprintf_i.o)
 .debug_frame   0x00000d40       0x28 c:/program files (x86)/gnu arm embedded toolchain/10 2021.10/bin/../lib/gcc/arm-none-eabi/10.3.1/../../../../arm-none-eabi/lib/thumb/v7e-m/nofp\libg_nano.a(lib_a-memcpy-stub.o)
 .debug_frame   0x00000d68       0x28 c:/program files (x86)/gnu arm embedded toolchain/10 2021.10/bin/../lib/gcc/arm-none-eabi/10.3.1/../../../../arm-none-eabi/lib/thumb/v7e-m/nofp\libg_nano.a(lib_a-memmove.o)
 .debug_frame   0x00000d90       0x38 c:/program files (x86)/gnu arm embedded toolchain/10 2021.10/bin/../lib/gcc/arm-none-eabi/10.3.1/../../../../arm-none-eabi/lib/thumb/v7e-m/nofp\libg_nano.a(lib_a-nano-freer.o)
 .debug_frame   0x00000dc8       0x4c c:/program files (x86)/gnu arm embedded toolchain/10 2021.10/bin/../lib/gcc/arm-none-eabi/10.3.1/../../../../arm-none-eabi/lib/thumb/v7e-m/nofp\libg_nano.a(lib_a-nano-mallocr.o)
 .debug_frame   0x00000e14       0x3c c:/program files (x86)/gnu arm embedded toolchain/10 2021.10/bin/../lib/gcc/arm-none-eabi/10.3.1/../../../../arm-none-eabi/lib/thumb/v7e-m/nofp\libg_nano.a(lib_a-nano-reallocr.o)
 .debug_frame   0x00000e50       0x2c c:/program files (x86)/gnu arm embedded toolchain/10 2021.10/bin/../lib/gcc/arm-none-eabi/10.3.1/../../../../arm-none-eabi/lib/thumb/v7e-m/nofp\libg_nano.a(lib_a-sbrkr.o)
 .debug_frame   0x00000e7c       0x30 c:/program files (x86)/gnu arm embedded toolchain/10 2021.10/bin/../lib/gcc/arm-none-eabi/10.3.1/../../../../arm-none-eabi/lib/thumb/v7e-m/nofp\libg_nano.a(lib_a-mlock.o)
 .debug_frame   0x00000eac       0x20 c:/program files (x86)/gnu arm embedded toolchain/10 2021.10/bin/../lib/gcc/arm-none-eabi/10.3.1/../../../../arm-none-eabi/lib/thumb/v7e-m/nofp\libg_nano.a(lib_a-nano-msizer.o)
 .debug_frame   0x00000ecc       0xb0 c:/program files (x86)/gnu arm embedded toolchain/10 2021.10/bin/../lib/gcc/arm-none-eabi/10.3.1/../../../../arm-none-eabi/lib/thumb/v7e-m/nofp\libg_nano.a(lib_a-lock.o)

.debug_str      0x00000000    0xf63c9
 *(.debug_str)
 .debug_str     0x00000000    0xee72b ./system/src/stm32f4-hal/stm32f4xx_hal.o
                              0xeeab3 (size before relaxing)
 .debug_str     0x000ee72b      0x3b1 ./system/src/stm32f4-hal/stm32f4xx_hal_cortex.o
                              0xee7dd (size before relaxing)
 .debug_str     0x000eeadc      0x27d ./system/src/stm32f4-hal/stm32f4xx_hal_gpio.o
                              0xee144 (size before relaxing)
 .debug_str     0x000eed59      0x3b0 ./system/src/stm32f4-hal/stm32f4xx_hal_rcc.o
                              0xee356 (size before relaxing)
 .debug_str     0x000ef109     0x4695 ./system/src/newlib/exit.o
                               0x77b9 (size before relaxing)
 .debug_str     0x000f379e      0x4dd ./system/src/newlib/sbrk.o
                               0x6b9a (size before relaxing)
 .debug_str     0x000f3c7b      0x2cb ./system/src/newlib/startup.o
                               0x6406 (size before relaxing)
 .debug_str     0x000f3f46     0x1504 ./system/src/newlib/syscalls.o
                               0x80e7 (size before relaxing)
 .debug_str     0x000f544a      0x387 ./system/src/diag/trace-impl.o
                              0xf16ca (size before relaxing)
 .debug_str     0x000f57d1      0x81a ./system/src/diag/trace.o
                               0x7f40 (size before relaxing)
 .debug_str     0x000f5feb      0x19d ./system/src/cortexm/exception-handlers.o
                              0xf2848 (size before relaxing)
 .debug_str     0x000f6188       0x5d ./system/src/cortexm/initialize-hardware.o
                              0xede52 (size before relaxing)
 .debug_str     0x000f61e5       0x46 ./system/src/cmsis/system_stm32f4xx.o
                              0xedf40 (size before relaxing)
 .debug_str     0x000f622b       0x59 ./system/src/cmsis/vectors_stm32f407xx.o
                               0x385a (size before relaxing)
 .debug_str     0x000f6284       0x35 ./src/initialize-hardware.o
                              0xf164f (size before relaxing)
 .debug_str     0x000f62b9       0x5d ./src/main.o
                              0xedf70 (size before relaxing)
 .debug_str     0x000f6316       0x3d ./src/stm32f4xx_hal_msp.o
                              0xedd92 (size before relaxing)
 .debug_str     0x000f6353       0x76 ./src/timer.o
                              0xee457 (size before relaxing)

.debug_loc      0x00000000     0x249c
 *(.debug_loc)
 .debug_loc     0x00000000      0x130 ./system/src/stm32f4-hal/stm32f4xx_hal.o
 .debug_loc     0x00000130      0x92e ./system/src/stm32f4-hal/stm32f4xx_hal_cortex.o
 .debug_loc     0x00000a5e      0x66d ./system/src/stm32f4-hal/stm32f4xx_hal_gpio.o
 .debug_loc     0x000010cb      0x56f ./system/src/stm32f4-hal/stm32f4xx_hal_rcc.o
 .debug_loc     0x0000163a       0x15 ./system/src/newlib/exit.o
 .debug_loc     0x0000164f       0x97 ./system/src/newlib/sbrk.o
 .debug_loc     0x000016e6      0x49b ./system/src/newlib/startup.o
 .debug_loc     0x00001b81       0x6f ./system/src/newlib/syscalls.o
 .debug_loc     0x00001bf0      0x1a3 ./system/src/diag/trace-impl.o
 .debug_loc     0x00001d93      0x118 ./system/src/diag/trace.o
 .debug_loc     0x00001eab      0x35c ./system/src/cortexm/exception-handlers.o
 .debug_loc     0x00002207      0x158 ./system/src/cmsis/system_stm32f4xx.o
 .debug_loc     0x0000235f       0x64 ./src/initialize-hardware.o
 .debug_loc     0x000023c3       0x76 ./src/main.o
 .debug_loc     0x00002439       0x63 ./src/timer.o

.debug_macinfo
 *(.debug_macinfo)

.debug_weaknames
 *(.debug_weaknames)

.debug_funcnames
 *(.debug_funcnames)

.debug_typenames
 *(.debug_typenames)

.debug_varnames
 *(.debug_varnames)
OUTPUT(WiperControlSystem.elf elf32-littlearm)
LOAD linker stubs

.debug_ranges   0x00000000      0x570
 .debug_ranges  0x00000000       0xe0 ./system/src/stm32f4-hal/stm32f4xx_hal.o
 .debug_ranges  0x000000e0      0x128 ./system/src/stm32f4-hal/stm32f4xx_hal_cortex.o
 .debug_ranges  0x00000208       0x48 ./system/src/stm32f4-hal/stm32f4xx_hal_gpio.o
 .debug_ranges  0x00000250       0x90 ./system/src/stm32f4-hal/stm32f4xx_hal_rcc.o
 .debug_ranges  0x000002e0       0x18 ./system/src/newlib/exit.o
 .debug_ranges  0x000002f8       0x10 ./system/src/newlib/sbrk.o
 .debug_ranges  0x00000308       0x78 ./system/src/newlib/startup.o
 .debug_ranges  0x00000380       0x20 ./system/src/newlib/syscalls.o
 .debug_ranges  0x000003a0       0x38 ./system/src/diag/trace-impl.o
 .debug_ranges  0x000003d8       0x28 ./system/src/diag/trace.o
 .debug_ranges  0x00000400       0x98 ./system/src/cortexm/exception-handlers.o
 .debug_ranges  0x00000498       0x18 ./system/src/cortexm/initialize-hardware.o
 .debug_ranges  0x000004b0       0x18 ./system/src/cmsis/system_stm32f4xx.o
 .debug_ranges  0x000004c8       0x10 ./system/src/cmsis/vectors_stm32f407xx.o
 .debug_ranges  0x000004d8       0x20 ./src/initialize-hardware.o
 .debug_ranges  0x000004f8       0x28 ./src/main.o
 .debug_ranges  0x00000520       0x28 ./src/stm32f4xx_hal_msp.o
 .debug_ranges  0x00000548       0x28 ./src/timer.o

.debug_macro    0x00000000    0x28623
 .debug_macro   0x00000000      0x40d ./system/src/stm32f4-hal/stm32f4xx_hal.o
 .debug_macro   0x0000040d      0xa7e ./system/src/stm32f4-hal/stm32f4xx_hal.o
 .debug_macro   0x00000e8b      0x3a2 ./system/src/stm32f4-hal/stm32f4xx_hal.o
 .debug_macro   0x0000122d       0x2e ./system/src/stm32f4-hal/stm32f4xx_hal.o
 .debug_macro   0x0000125b       0x2f ./system/src/stm32f4-hal/stm32f4xx_hal.o
 .debug_macro   0x0000128a      0x34e ./system/src/stm32f4-hal/stm32f4xx_hal.o
 .debug_macro   0x000015d8       0x1c ./system/src/stm32f4-hal/stm32f4xx_hal.o
 .debug_macro   0x000015f4       0x22 ./system/src/stm32f4-hal/stm32f4xx_hal.o
 .debug_macro   0x00001616       0xd9 ./system/src/stm32f4-hal/stm32f4xx_hal.o
 .debug_macro   0x000016ef     0x102d ./system/src/stm32f4-hal/stm32f4xx_hal.o
 .debug_macro   0x0000271c      0x11f ./system/src/stm32f4-hal/stm32f4xx_hal.o
 .debug_macro   0x0000283b    0x15e3c ./system/src/stm32f4-hal/stm32f4xx_hal.o
 .debug_macro   0x00018677       0x43 ./system/src/stm32f4-hal/stm32f4xx_hal.o
 .debug_macro   0x000186ba     0x3659 ./system/src/stm32f4-hal/stm32f4xx_hal.o
 .debug_macro   0x0001bd13      0x174 ./system/src/stm32f4-hal/stm32f4xx_hal.o
 .debug_macro   0x0001be87       0x5a ./system/src/stm32f4-hal/stm32f4xx_hal.o
 .debug_macro   0x0001bee1      0x96b ./system/src/stm32f4-hal/stm32f4xx_hal.o
 .debug_macro   0x0001c84c      0x9fe ./system/src/stm32f4-hal/stm32f4xx_hal.o
 .debug_macro   0x0001d24a      0x117 ./system/src/stm32f4-hal/stm32f4xx_hal.o
 .debug_macro   0x0001d361      0x13e ./system/src/stm32f4-hal/stm32f4xx_hal.o
 .debug_macro   0x0001d49f       0x27 ./system/src/stm32f4-hal/stm32f4xx_hal.o
 .debug_macro   0x0001d4c6      0x174 ./system/src/stm32f4-hal/stm32f4xx_hal.o
 .debug_macro   0x0001d63a      0x287 ./system/src/stm32f4-hal/stm32f4xx_hal.o
 .debug_macro   0x0001d8c1       0x5f ./system/src/stm32f4-hal/stm32f4xx_hal.o
 .debug_macro   0x0001d920      0x236 ./system/src/stm32f4-hal/stm32f4xx_hal.o
 .debug_macro   0x0001db56      0x391 ./system/src/stm32f4-hal/stm32f4xx_hal.o
 .debug_macro   0x0001dee7      0x176 ./system/src/stm32f4-hal/stm32f4xx_hal.o
 .debug_macro   0x0001e05d       0xf9 ./system/src/stm32f4-hal/stm32f4xx_hal.o
 .debug_macro   0x0001e156      0x40f ./system/src/stm32f4-hal/stm32f4xx_hal.o
 .debug_macro   0x0001e565       0x22 ./system/src/stm32f4-hal/stm32f4xx_hal.o
 .debug_macro   0x0001e587       0xea ./system/src/stm32f4-hal/stm32f4xx_hal.o
 .debug_macro   0x0001e671       0xa0 ./system/src/stm32f4-hal/stm32f4xx_hal.o
 .debug_macro   0x0001e711       0x3c ./system/src/stm32f4-hal/stm32f4xx_hal.o
 .debug_macro   0x0001e74d       0x1f ./system/src/stm32f4-hal/stm32f4xx_hal.o
 .debug_macro   0x0001e76c      0x1d2 ./system/src/stm32f4-hal/stm32f4xx_hal.o
 .debug_macro   0x0001e93e      0xccf ./system/src/stm32f4-hal/stm32f4xx_hal.o
 .debug_macro   0x0001f60d      0x12c ./system/src/stm32f4-hal/stm32f4xx_hal.o
 .debug_macro   0x0001f739      0x21e ./system/src/stm32f4-hal/stm32f4xx_hal.o
 .debug_macro   0x0001f957       0x2e ./system/src/stm32f4-hal/stm32f4xx_hal.o
 .debug_macro   0x0001f985      0x543 ./system/src/stm32f4-hal/stm32f4xx_hal.o
 .debug_macro   0x0001fec8       0x88 ./system/src/stm32f4-hal/stm32f4xx_hal.o
 .debug_macro   0x0001ff50       0xea ./system/src/stm32f4-hal/stm32f4xx_hal.o
 .debug_macro   0x0002003a      0x184 ./system/src/stm32f4-hal/stm32f4xx_hal.o
 .debug_macro   0x000201be      0x1b5 ./system/src/stm32f4-hal/stm32f4xx_hal.o
 .debug_macro   0x00020373       0xd6 ./system/src/stm32f4-hal/stm32f4xx_hal.o
 .debug_macro   0x00020449      0x26b ./system/src/stm32f4-hal/stm32f4xx_hal.o
 .debug_macro   0x000206b4      0x1a7 ./system/src/stm32f4-hal/stm32f4xx_hal.o
 .debug_macro   0x0002085b       0x46 ./system/src/stm32f4-hal/stm32f4xx_hal.o
 .debug_macro   0x000208a1       0x4a ./system/src/stm32f4-hal/stm32f4xx_hal.o
 .debug_macro   0x000208eb       0x78 ./system/src/stm32f4-hal/stm32f4xx_hal.o
 .debug_macro   0x00020963      0x11a ./system/src/stm32f4-hal/stm32f4xx_hal.o
 .debug_macro   0x00020a7d       0x7e ./system/src/stm32f4-hal/stm32f4xx_hal.o
 .debug_macro   0x00020afb       0x89 ./system/src/stm32f4-hal/stm32f4xx_hal.o
 .debug_macro   0x00020b84       0xa4 ./system/src/stm32f4-hal/stm32f4xx_hal.o
 .debug_macro   0x00020c28      0x31a ./system/src/stm32f4-hal/stm32f4xx_hal.o
 .debug_macro   0x00020f42      0x405 ./system/src/stm32f4-hal/stm32f4xx_hal.o
 .debug_macro   0x00021347       0xe4 ./system/src/stm32f4-hal/stm32f4xx_hal.o
 .debug_macro   0x0002142b      0x861 ./system/src/stm32f4-hal/stm32f4xx_hal.o
 .debug_macro   0x00021c8c      0x1d5 ./system/src/stm32f4-hal/stm32f4xx_hal.o
 .debug_macro   0x00021e61      0x225 ./system/src/stm32f4-hal/stm32f4xx_hal.o
 .debug_macro   0x00022086      0x8a0 ./system/src/stm32f4-hal/stm32f4xx_hal.o
 .debug_macro   0x00022926       0x47 ./system/src/stm32f4-hal/stm32f4xx_hal.o
 .debug_macro   0x0002296d      0x287 ./system/src/stm32f4-hal/stm32f4xx_hal.o
 .debug_macro   0x00022bf4      0x217 ./system/src/stm32f4-hal/stm32f4xx_hal.o
 .debug_macro   0x00022e0b      0x1b5 ./system/src/stm32f4-hal/stm32f4xx_hal.o
 .debug_macro   0x00022fc0      0x2db ./system/src/stm32f4-hal/stm32f4xx_hal.o
 .debug_macro   0x0002329b       0x8d ./system/src/stm32f4-hal/stm32f4xx_hal.o
 .debug_macro   0x00023328      0x21e ./system/src/stm32f4-hal/stm32f4xx_hal.o
 .debug_macro   0x00023546       0xba ./system/src/stm32f4-hal/stm32f4xx_hal.o
 .debug_macro   0x00023600       0x6e ./system/src/stm32f4-hal/stm32f4xx_hal.o
 .debug_macro   0x0002366e      0x1e9 ./system/src/stm32f4-hal/stm32f4xx_hal.o
 .debug_macro   0x00023857      0x12d ./system/src/stm32f4-hal/stm32f4xx_hal.o
 .debug_macro   0x00023984      0x3ad ./system/src/stm32f4-hal/stm32f4xx_hal_cortex.o
 .debug_macro   0x00023d31      0x3e3 ./system/src/stm32f4-hal/stm32f4xx_hal_gpio.o
 .debug_macro   0x00024114      0x3d1 ./system/src/stm32f4-hal/stm32f4xx_hal_rcc.o
 .debug_macro   0x000244e5      0x1ae ./system/src/newlib/exit.o
 .debug_macro   0x00024693      0x163 ./system/src/newlib/sbrk.o
 .debug_macro   0x000247f6       0x10 ./system/src/newlib/sbrk.o
 .debug_macro   0x00024806      0x23b ./system/src/newlib/sbrk.o
 .debug_macro   0x00024a41      0x15f ./system/src/newlib/startup.o
 .debug_macro   0x00024ba0      0xa84 ./system/src/newlib/startup.o
 .debug_macro   0x00025624      0x220 ./system/src/newlib/syscalls.o
 .debug_macro   0x00025844       0x1c ./system/src/newlib/syscalls.o
 .debug_macro   0x00025860       0x10 ./system/src/newlib/syscalls.o
 .debug_macro   0x00025870       0x10 ./system/src/newlib/syscalls.o
 .debug_macro   0x00025880       0x10 ./system/src/newlib/syscalls.o
 .debug_macro   0x00025890       0x35 ./system/src/newlib/syscalls.o
 .debug_macro   0x000258c5      0x12c ./system/src/newlib/syscalls.o
 .debug_macro   0x000259f1       0xce ./system/src/newlib/syscalls.o
 .debug_macro   0x00025abf       0x7c ./system/src/newlib/syscalls.o
 .debug_macro   0x00025b3b       0x17 ./system/src/newlib/syscalls.o
 .debug_macro   0x00025b52      0x118 ./system/src/newlib/syscalls.o
 .debug_macro   0x00025c6a      0x189 ./system/src/newlib/syscalls.o
 .debug_macro   0x00025df3       0x16 ./system/src/newlib/syscalls.o
 .debug_macro   0x00025e09      0x50d ./system/src/diag/trace-impl.o
 .debug_macro   0x00026316       0x10 ./system/src/diag/trace-impl.o
 .debug_macro   0x00026326       0x22 ./system/src/diag/trace-impl.o
 .debug_macro   0x00026348      0x1f5 ./system/src/diag/trace.o
 .debug_macro   0x0002653d       0x16 ./system/src/diag/trace.o
 .debug_macro   0x00026553       0x97 ./system/src/diag/trace.o
 .debug_macro   0x000265ea       0xfd ./system/src/diag/trace.o
 .debug_macro   0x000266e7       0x10 ./system/src/diag/trace.o
 .debug_macro   0x000266f7       0x16 ./system/src/diag/trace.o
 .debug_macro   0x0002670d      0x16f ./system/src/diag/trace.o
 .debug_macro   0x0002687c       0x4c ./system/src/diag/trace.o
 .debug_macro   0x000268c8       0x16 ./system/src/diag/trace.o
 .debug_macro   0x000268de      0x56b ./system/src/cortexm/exception-handlers.o
 .debug_macro   0x00026e49       0x10 ./system/src/cortexm/exception-handlers.o
 .debug_macro   0x00026e59      0x3b7 ./system/src/cortexm/initialize-hardware.o
 .debug_macro   0x00027210      0x3b3 ./system/src/cmsis/system_stm32f4xx.o
 .debug_macro   0x000275c3       0x34 ./system/src/cmsis/vectors_stm32f407xx.o
 .debug_macro   0x000275f7      0x4f2 ./src/initialize-hardware.o
 .debug_macro   0x00027ae9      0x3ad ./src/main.o
 .debug_macro   0x00027e96      0x3ad ./src/stm32f4xx_hal_msp.o
 .debug_macro   0x00028243      0x3d0 ./src/timer.o
 .debug_macro   0x00028613       0x10 ./src/timer.o
